
PROGRAM "\\vmware-host\Shared Folders\×ÀÃæ\git_source\git_code\git_store\mc9s12xet256\Project_1\bin\Project.abs"

*********************************************************************************************
TARGET SECTION
---------------------------------------------------------------------------------------------
Processor   : Freescale HC12
Memory Model: SMALL
File Format : ELF\DWARF 2.0
Linker      : SmartLinker V-5.0.52 Build 15249, Sep  7 2015

*********************************************************************************************
FILE SECTION
---------------------------------------------------------------------------------------------
MC9S12XET256.c.o                        Model: SMALL,         Lang: ANSI-C,        Compiler Version: ANSI-C/cC++ Compiler for HC12 V-5.0.46 Build 15249, Sep  7 2015
main.c.o                                Model: SMALL,         Lang: ANSI-C,        Compiler Version: ANSI-C/cC++ Compiler for HC12 V-5.0.46 Build 15249, Sep  7 2015
Start12.c.o                             Model: SMALL,         Lang: ANSI-C,        Compiler Version: ANSI-C/cC++ Compiler for HC12 V-5.0.46 Build 15249, Sep  7 2015
list.c.o                                Model: SMALL,         Lang: ANSI-C,        Compiler Version: ANSI-C/cC++ Compiler for HC12 V-5.0.46 Build 15249, Sep  7 2015
port.c.o                                Model: SMALL,         Lang: ANSI-C,        Compiler Version: ANSI-C/cC++ Compiler for HC12 V-5.0.46 Build 15249, Sep  7 2015
tasks.c.o                               Model: SMALL,         Lang: ANSI-C,        Compiler Version: ANSI-C/cC++ Compiler for HC12 V-5.0.46 Build 15249, Sep  7 2015
INT.c.o                                 Model: SMALL,         Lang: ANSI-C,        Compiler Version: ANSI-C/cC++ Compiler for HC12 V-5.0.46 Build 15249, Sep  7 2015

*********************************************************************************************
STARTUP SECTION
---------------------------------------------------------------------------------------------
Entry point: 0xC029 (_Startup)
_startupData is allocated at 0xC031 and uses 6 Bytes
extern struct _tagStartup {
  unsigned nofZeroOut     1
  _Range   pZeroOut       0x2100     52
  _Copy    *toCopyDownBeg 0xC205
} _startupData;

*********************************************************************************************
SECTION-ALLOCATION SECTION
Section Name                    Size  Type     From       To       Segment
---------------------------------------------------------------------------------------------
.init                             49     R     0xC000     0xC030   ROM_C000
.startData                        18     R     0xC031     0xC042   ROM_C000
.text                            407     R     0xC043     0xC1D9   ROM_C000
NON_BANKED                        43     R     0xC1DA     0xC204   ROM_C000
.copy                              7     R     0xC205     0xC20B   ROM_C000
.stack                           256   R/W     0x2000     0x20FF   RAM
.data                              1   R/W     0x2100     0x2100   RAM
.abs_section_8                     1   N/I        0x8        0x8   .absSeg0
.abs_section_9                     1   N/I        0x9        0x9   .absSeg1
.abs_section_a                     1   N/I        0xA        0xA   .absSeg2
.abs_section_b                     1   N/I        0xB        0xB   .absSeg3
.abs_section_c                     1   N/I        0xC        0xC   .absSeg4
.abs_section_d                     1   N/I        0xD        0xD   .absSeg5
.abs_section_e                     1   N/I        0xE        0xE   .absSeg6
.abs_section_f                     1   N/I        0xF        0xF   .absSeg7
.abs_section_10                    1   N/I       0x10       0x10   .absSeg8
.abs_section_11                    1   N/I       0x11       0x11   .absSeg9
.abs_section_13                    1   N/I       0x13       0x13   .absSeg10
.abs_section_15                    1   N/I       0x15       0x15   .absSeg11
.abs_section_16                    1   N/I       0x16       0x16   .absSeg12
.abs_section_17                    1   N/I       0x17       0x17   .absSeg13
.abs_section_1c                    1   N/I       0x1C       0x1C   .absSeg14
.abs_section_1e                    1   N/I       0x1E       0x1E   .absSeg15
.abs_section_20                    1   N/I       0x20       0x20   .absSeg16
.abs_section_21                    1   N/I       0x21       0x21   .absSeg17
.abs_section_22                    1   N/I       0x22       0x22   .absSeg18
.abs_section_23                    1   N/I       0x23       0x23   .absSeg19
.abs_section_26                    1   N/I       0x26       0x26   .absSeg20
.abs_section_27                    1   N/I       0x27       0x27   .absSeg21
.abs_section_28                    1   N/I       0x28       0x28   .absSeg22
.abs_section_29                    1   N/I       0x29       0x29   .absSeg23
.abs_section_2a                    1   N/I       0x2A       0x2A   .absSeg24
.abs_section_2b                    1   N/I       0x2B       0x2B   .absSeg25
.abs_section_2c                    1   N/I       0x2C       0x2C   .absSeg26
.abs_section_2d                    1   N/I       0x2D       0x2D   .absSeg27
.abs_section_2e                    1   N/I       0x2E       0x2E   .absSeg28
.abs_section_2f                    1   N/I       0x2F       0x2F   .absSeg29
.abs_section_32                    1   N/I       0x32       0x32   .absSeg30
.abs_section_33                    1   N/I       0x33       0x33   .absSeg31
.abs_section_34                    1   N/I       0x34       0x34   .absSeg32
.abs_section_35                    1   N/I       0x35       0x35   .absSeg33
.abs_section_36                    1   N/I       0x36       0x36   .absSeg34
.abs_section_37                    1   N/I       0x37       0x37   .absSeg35
.abs_section_38                    1   N/I       0x38       0x38   .absSeg36
.abs_section_39                    1   N/I       0x39       0x39   .absSeg37
.abs_section_3a                    1   N/I       0x3A       0x3A   .absSeg38
.abs_section_3b                    1   N/I       0x3B       0x3B   .absSeg39
.abs_section_3c                    1   N/I       0x3C       0x3C   .absSeg40
.abs_section_3f                    1   N/I       0x3F       0x3F   .absSeg41
.abs_section_40                    1   N/I       0x40       0x40   .absSeg42
.abs_section_41                    1   N/I       0x41       0x41   .absSeg43
.abs_section_42                    1   N/I       0x42       0x42   .absSeg44
.abs_section_43                    1   N/I       0x43       0x43   .absSeg45
.abs_section_46                    1   N/I       0x46       0x46   .absSeg46
.abs_section_47                    1   N/I       0x47       0x47   .absSeg47
.abs_section_48                    1   N/I       0x48       0x48   .absSeg48
.abs_section_49                    1   N/I       0x49       0x49   .absSeg49
.abs_section_4a                    1   N/I       0x4A       0x4A   .absSeg50
.abs_section_4b                    1   N/I       0x4B       0x4B   .absSeg51
.abs_section_4c                    1   N/I       0x4C       0x4C   .absSeg52
.abs_section_4d                    1   N/I       0x4D       0x4D   .absSeg53
.abs_section_4e                    1   N/I       0x4E       0x4E   .absSeg54
.abs_section_4f                    1   N/I       0x4F       0x4F   .absSeg55
.abs_section_60                    1   N/I       0x60       0x60   .absSeg56
.abs_section_61                    1   N/I       0x61       0x61   .absSeg57
.abs_section_66                    1   N/I       0x66       0x66   .absSeg58
.abs_section_67                    1   N/I       0x67       0x67   .absSeg59
.abs_section_68                    1   N/I       0x68       0x68   .absSeg60
.abs_section_69                    1   N/I       0x69       0x69   .absSeg61
.abs_section_6a                    1   N/I       0x6A       0x6A   .absSeg62
.abs_section_6b                    1   N/I       0x6B       0x6B   .absSeg63
.abs_section_6c                    1   N/I       0x6C       0x6C   .absSeg64
.abs_section_6e                    1   N/I       0x6E       0x6E   .absSeg65
.abs_section_6f                    1   N/I       0x6F       0x6F   .absSeg66
.abs_section_70                    1   N/I       0x70       0x70   .absSeg67
.abs_section_71                    1   N/I       0x71       0x71   .absSeg68
.abs_section_86                    1   N/I       0x86       0x86   .absSeg69
.abs_section_ba                    1   N/I       0xBA       0xBA   .absSeg70
.abs_section_bb                    1   N/I       0xBB       0xBB   .absSeg71
.abs_section_bc                    1   N/I       0xBC       0xBC   .absSeg72
.abs_section_bd                    1   N/I       0xBD       0xBD   .absSeg73
.abs_section_be                    1   N/I       0xBE       0xBE   .absSeg74
.abs_section_bf                    1   N/I       0xBF       0xBF   .absSeg75
.abs_section_ca                    1   N/I       0xCA       0xCA   .absSeg76
.abs_section_cb                    1   N/I       0xCB       0xCB   .absSeg77
.abs_section_cc                    1   N/I       0xCC       0xCC   .absSeg78
.abs_section_cd                    1   N/I       0xCD       0xCD   .absSeg79
.abs_section_ce                    1   N/I       0xCE       0xCE   .absSeg80
.abs_section_cf                    1   N/I       0xCF       0xCF   .absSeg81
.abs_section_d2                    1   N/I       0xD2       0xD2   .absSeg82
.abs_section_d3                    1   N/I       0xD3       0xD3   .absSeg83
.abs_section_d4                    1   N/I       0xD4       0xD4   .absSeg84
.abs_section_d5                    1   N/I       0xD5       0xD5   .absSeg85
.abs_section_d6                    1   N/I       0xD6       0xD6   .absSeg86
.abs_section_d7                    1   N/I       0xD7       0xD7   .absSeg87
.abs_section_d8                    1   N/I       0xD8       0xD8   .absSeg88
.abs_section_d9                    1   N/I       0xD9       0xD9   .absSeg89
.abs_section_da                    1   N/I       0xDA       0xDA   .absSeg90
.abs_section_db                    1   N/I       0xDB       0xDB   .absSeg91
.abs_section_e0                    1   N/I       0xE0       0xE0   .absSeg92
.abs_section_e1                    1   N/I       0xE1       0xE1   .absSeg93
.abs_section_e2                    1   N/I       0xE2       0xE2   .absSeg94
.abs_section_e3                    1   N/I       0xE3       0xE3   .absSeg95
.abs_section_e4                    1   N/I       0xE4       0xE4   .absSeg96
.abs_section_e5                    1   N/I       0xE5       0xE5   .absSeg97
.abs_section_f0                    1   N/I       0xF0       0xF0   .absSeg98
.abs_section_f1                    1   N/I       0xF1       0xF1   .absSeg99
.abs_section_f2                    1   N/I       0xF2       0xF2   .absSeg100
.abs_section_f3                    1   N/I       0xF3       0xF3   .absSeg101
.abs_section_f8                    1   N/I       0xF8       0xF8   .absSeg102
.abs_section_f9                    1   N/I       0xF9       0xF9   .absSeg103
.abs_section_fa                    1   N/I       0xFA       0xFA   .absSeg104
.abs_section_fb                    1   N/I       0xFB       0xFB   .absSeg105
.abs_section_100                   1   N/I      0x100      0x100   .absSeg106
.abs_section_101                   1   N/I      0x101      0x101   .absSeg107
.abs_section_102                   1   N/I      0x102      0x102   .absSeg108
.abs_section_103                   1   N/I      0x103      0x103   .absSeg109
.abs_section_104                   1   N/I      0x104      0x104   .absSeg110
.abs_section_105                   1   N/I      0x105      0x105   .absSeg111
.abs_section_106                   1   N/I      0x106      0x106   .absSeg112
.abs_section_107                   1   N/I      0x107      0x107   .absSeg113
.abs_section_108                   1   N/I      0x108      0x108   .absSeg114
.abs_section_109                   1   N/I      0x109      0x109   .absSeg115
.abs_section_110                   1   N/I      0x110      0x110   .absSeg116
.abs_section_114                   1   N/I      0x114      0x114   .absSeg117
.abs_section_115                   1   N/I      0x115      0x115   .absSeg118
.abs_section_116                   1   N/I      0x116      0x116   .absSeg119
.abs_section_117                   1   N/I      0x117      0x117   .absSeg120
.abs_section_119                   1   N/I      0x119      0x119   .absSeg121
.abs_section_11a                   1   N/I      0x11A      0x11A   .absSeg122
.abs_section_11b                   1   N/I      0x11B      0x11B   .absSeg123
.abs_section_11c                   1   N/I      0x11C      0x11C   .absSeg124
.abs_section_11d                   1   N/I      0x11D      0x11D   .absSeg125
.abs_section_11e                   1   N/I      0x11E      0x11E   .absSeg126
.abs_section_11f                   1   N/I      0x11F      0x11F   .absSeg127
.abs_section_121                   1   N/I      0x121      0x121   .absSeg128
.abs_section_126                   1   N/I      0x126      0x126   .absSeg129
.abs_section_127                   1   N/I      0x127      0x127   .absSeg130
.abs_section_128                   1   N/I      0x128      0x128   .absSeg131
.abs_section_129                   1   N/I      0x129      0x129   .absSeg132
.abs_section_12a                   1   N/I      0x12A      0x12A   .absSeg133
.abs_section_12b                   1   N/I      0x12B      0x12B   .absSeg134
.abs_section_12c                   1   N/I      0x12C      0x12C   .absSeg135
.abs_section_12d                   1   N/I      0x12D      0x12D   .absSeg136
.abs_section_12e                   1   N/I      0x12E      0x12E   .absSeg137
.abs_section_12f                   1   N/I      0x12F      0x12F   .absSeg138
.abs_section_132                   1   N/I      0x132      0x132   .absSeg139
.abs_section_133                   1   N/I      0x133      0x133   .absSeg140
.abs_section_134                   1   N/I      0x134      0x134   .absSeg141
.abs_section_135                   1   N/I      0x135      0x135   .absSeg142
.abs_section_136                   1   N/I      0x136      0x136   .absSeg143
.abs_section_137                   1   N/I      0x137      0x137   .absSeg144
.abs_section_140                   1   N/I      0x140      0x140   .absSeg145
.abs_section_141                   1   N/I      0x141      0x141   .absSeg146
.abs_section_142                   1   N/I      0x142      0x142   .absSeg147
.abs_section_143                   1   N/I      0x143      0x143   .absSeg148
.abs_section_144                   1   N/I      0x144      0x144   .absSeg149
.abs_section_145                   1   N/I      0x145      0x145   .absSeg150
.abs_section_146                   1   N/I      0x146      0x146   .absSeg151
.abs_section_147                   1   N/I      0x147      0x147   .absSeg152
.abs_section_148                   1   N/I      0x148      0x148   .absSeg153
.abs_section_149                   1   N/I      0x149      0x149   .absSeg154
.abs_section_14a                   1   N/I      0x14A      0x14A   .absSeg155
.abs_section_14b                   1   N/I      0x14B      0x14B   .absSeg156
.abs_section_14d                   1   N/I      0x14D      0x14D   .absSeg157
.abs_section_14e                   1   N/I      0x14E      0x14E   .absSeg158
.abs_section_14f                   1   N/I      0x14F      0x14F   .absSeg159
.abs_section_150                   1   N/I      0x150      0x150   .absSeg160
.abs_section_151                   1   N/I      0x151      0x151   .absSeg161
.abs_section_152                   1   N/I      0x152      0x152   .absSeg162
.abs_section_153                   1   N/I      0x153      0x153   .absSeg163
.abs_section_154                   1   N/I      0x154      0x154   .absSeg164
.abs_section_155                   1   N/I      0x155      0x155   .absSeg165
.abs_section_156                   1   N/I      0x156      0x156   .absSeg166
.abs_section_157                   1   N/I      0x157      0x157   .absSeg167
.abs_section_158                   1   N/I      0x158      0x158   .absSeg168
.abs_section_159                   1   N/I      0x159      0x159   .absSeg169
.abs_section_15a                   1   N/I      0x15A      0x15A   .absSeg170
.abs_section_15b                   1   N/I      0x15B      0x15B   .absSeg171
.abs_section_15c                   1   N/I      0x15C      0x15C   .absSeg172
.abs_section_15d                   1   N/I      0x15D      0x15D   .absSeg173
.abs_section_15e                   1   N/I      0x15E      0x15E   .absSeg174
.abs_section_15f                   1   N/I      0x15F      0x15F   .absSeg175
.abs_section_160                   1   N/I      0x160      0x160   .absSeg176
.abs_section_161                   1   N/I      0x161      0x161   .absSeg177
.abs_section_162                   1   N/I      0x162      0x162   .absSeg178
.abs_section_163                   1   N/I      0x163      0x163   .absSeg179
.abs_section_164                   1   N/I      0x164      0x164   .absSeg180
.abs_section_165                   1   N/I      0x165      0x165   .absSeg181
.abs_section_166                   1   N/I      0x166      0x166   .absSeg182
.abs_section_167                   1   N/I      0x167      0x167   .absSeg183
.abs_section_168                   1   N/I      0x168      0x168   .absSeg184
.abs_section_169                   1   N/I      0x169      0x169   .absSeg185
.abs_section_16a                   1   N/I      0x16A      0x16A   .absSeg186
.abs_section_16b                   1   N/I      0x16B      0x16B   .absSeg187
.abs_section_16c                   1   N/I      0x16C      0x16C   .absSeg188
.abs_section_170                   1   N/I      0x170      0x170   .absSeg189
.abs_section_171                   1   N/I      0x171      0x171   .absSeg190
.abs_section_172                   1   N/I      0x172      0x172   .absSeg191
.abs_section_173                   1   N/I      0x173      0x173   .absSeg192
.abs_section_174                   1   N/I      0x174      0x174   .absSeg193
.abs_section_175                   1   N/I      0x175      0x175   .absSeg194
.abs_section_176                   1   N/I      0x176      0x176   .absSeg195
.abs_section_177                   1   N/I      0x177      0x177   .absSeg196
.abs_section_178                   1   N/I      0x178      0x178   .absSeg197
.abs_section_179                   1   N/I      0x179      0x179   .absSeg198
.abs_section_17a                   1   N/I      0x17A      0x17A   .absSeg199
.abs_section_17b                   1   N/I      0x17B      0x17B   .absSeg200
.abs_section_17c                   1   N/I      0x17C      0x17C   .absSeg201
.abs_section_17d                   1   N/I      0x17D      0x17D   .absSeg202
.abs_section_180                   1   N/I      0x180      0x180   .absSeg203
.abs_section_181                   1   N/I      0x181      0x181   .absSeg204
.abs_section_182                   1   N/I      0x182      0x182   .absSeg205
.abs_section_183                   1   N/I      0x183      0x183   .absSeg206
.abs_section_184                   1   N/I      0x184      0x184   .absSeg207
.abs_section_185                   1   N/I      0x185      0x185   .absSeg208
.abs_section_186                   1   N/I      0x186      0x186   .absSeg209
.abs_section_187                   1   N/I      0x187      0x187   .absSeg210
.abs_section_188                   1   N/I      0x188      0x188   .absSeg211
.abs_section_189                   1   N/I      0x189      0x189   .absSeg212
.abs_section_18a                   1   N/I      0x18A      0x18A   .absSeg213
.abs_section_18b                   1   N/I      0x18B      0x18B   .absSeg214
.abs_section_18d                   1   N/I      0x18D      0x18D   .absSeg215
.abs_section_18e                   1   N/I      0x18E      0x18E   .absSeg216
.abs_section_18f                   1   N/I      0x18F      0x18F   .absSeg217
.abs_section_190                   1   N/I      0x190      0x190   .absSeg218
.abs_section_191                   1   N/I      0x191      0x191   .absSeg219
.abs_section_192                   1   N/I      0x192      0x192   .absSeg220
.abs_section_193                   1   N/I      0x193      0x193   .absSeg221
.abs_section_194                   1   N/I      0x194      0x194   .absSeg222
.abs_section_195                   1   N/I      0x195      0x195   .absSeg223
.abs_section_196                   1   N/I      0x196      0x196   .absSeg224
.abs_section_197                   1   N/I      0x197      0x197   .absSeg225
.abs_section_198                   1   N/I      0x198      0x198   .absSeg226
.abs_section_199                   1   N/I      0x199      0x199   .absSeg227
.abs_section_19a                   1   N/I      0x19A      0x19A   .absSeg228
.abs_section_19b                   1   N/I      0x19B      0x19B   .absSeg229
.abs_section_19c                   1   N/I      0x19C      0x19C   .absSeg230
.abs_section_19d                   1   N/I      0x19D      0x19D   .absSeg231
.abs_section_19e                   1   N/I      0x19E      0x19E   .absSeg232
.abs_section_19f                   1   N/I      0x19F      0x19F   .absSeg233
.abs_section_1a0                   1   N/I      0x1A0      0x1A0   .absSeg234
.abs_section_1a1                   1   N/I      0x1A1      0x1A1   .absSeg235
.abs_section_1a2                   1   N/I      0x1A2      0x1A2   .absSeg236
.abs_section_1a3                   1   N/I      0x1A3      0x1A3   .absSeg237
.abs_section_1a4                   1   N/I      0x1A4      0x1A4   .absSeg238
.abs_section_1a5                   1   N/I      0x1A5      0x1A5   .absSeg239
.abs_section_1a6                   1   N/I      0x1A6      0x1A6   .absSeg240
.abs_section_1a7                   1   N/I      0x1A7      0x1A7   .absSeg241
.abs_section_1a8                   1   N/I      0x1A8      0x1A8   .absSeg242
.abs_section_1a9                   1   N/I      0x1A9      0x1A9   .absSeg243
.abs_section_1aa                   1   N/I      0x1AA      0x1AA   .absSeg244
.abs_section_1ab                   1   N/I      0x1AB      0x1AB   .absSeg245
.abs_section_1ac                   1   N/I      0x1AC      0x1AC   .absSeg246
.abs_section_1b0                   1   N/I      0x1B0      0x1B0   .absSeg247
.abs_section_1b1                   1   N/I      0x1B1      0x1B1   .absSeg248
.abs_section_1b2                   1   N/I      0x1B2      0x1B2   .absSeg249
.abs_section_1b3                   1   N/I      0x1B3      0x1B3   .absSeg250
.abs_section_1b4                   1   N/I      0x1B4      0x1B4   .absSeg251
.abs_section_1b5                   1   N/I      0x1B5      0x1B5   .absSeg252
.abs_section_1b6                   1   N/I      0x1B6      0x1B6   .absSeg253
.abs_section_1b7                   1   N/I      0x1B7      0x1B7   .absSeg254
.abs_section_1b8                   1   N/I      0x1B8      0x1B8   .absSeg255
.abs_section_1b9                   1   N/I      0x1B9      0x1B9   .absSeg256
.abs_section_1ba                   1   N/I      0x1BA      0x1BA   .absSeg257
.abs_section_1bb                   1   N/I      0x1BB      0x1BB   .absSeg258
.abs_section_1bc                   1   N/I      0x1BC      0x1BC   .absSeg259
.abs_section_1bd                   1   N/I      0x1BD      0x1BD   .absSeg260
.abs_section_240                   1   N/I      0x240      0x240   .absSeg261
.abs_section_241                   1   N/I      0x241      0x241   .absSeg262
.abs_section_242                   1   N/I      0x242      0x242   .absSeg263
.abs_section_243                   1   N/I      0x243      0x243   .absSeg264
.abs_section_244                   1   N/I      0x244      0x244   .absSeg265
.abs_section_245                   1   N/I      0x245      0x245   .absSeg266
.abs_section_248                   1   N/I      0x248      0x248   .absSeg267
.abs_section_249                   1   N/I      0x249      0x249   .absSeg268
.abs_section_24a                   1   N/I      0x24A      0x24A   .absSeg269
.abs_section_24b                   1   N/I      0x24B      0x24B   .absSeg270
.abs_section_24c                   1   N/I      0x24C      0x24C   .absSeg271
.abs_section_24d                   1   N/I      0x24D      0x24D   .absSeg272
.abs_section_24e                   1   N/I      0x24E      0x24E   .absSeg273
.abs_section_250                   1   N/I      0x250      0x250   .absSeg274
.abs_section_251                   1   N/I      0x251      0x251   .absSeg275
.abs_section_252                   1   N/I      0x252      0x252   .absSeg276
.abs_section_253                   1   N/I      0x253      0x253   .absSeg277
.abs_section_254                   1   N/I      0x254      0x254   .absSeg278
.abs_section_255                   1   N/I      0x255      0x255   .absSeg279
.abs_section_256                   1   N/I      0x256      0x256   .absSeg280
.abs_section_257                   1   N/I      0x257      0x257   .absSeg281
.abs_section_258                   1   N/I      0x258      0x258   .absSeg282
.abs_section_259                   1   N/I      0x259      0x259   .absSeg283
.abs_section_25a                   1   N/I      0x25A      0x25A   .absSeg284
.abs_section_25b                   1   N/I      0x25B      0x25B   .absSeg285
.abs_section_25c                   1   N/I      0x25C      0x25C   .absSeg286
.abs_section_25d                   1   N/I      0x25D      0x25D   .absSeg287
.abs_section_25e                   1   N/I      0x25E      0x25E   .absSeg288
.abs_section_25f                   1   N/I      0x25F      0x25F   .absSeg289
.abs_section_260                   1   N/I      0x260      0x260   .absSeg290
.abs_section_261                   1   N/I      0x261      0x261   .absSeg291
.abs_section_262                   1   N/I      0x262      0x262   .absSeg292
.abs_section_263                   1   N/I      0x263      0x263   .absSeg293
.abs_section_264                   1   N/I      0x264      0x264   .absSeg294
.abs_section_265                   1   N/I      0x265      0x265   .absSeg295
.abs_section_266                   1   N/I      0x266      0x266   .absSeg296
.abs_section_267                   1   N/I      0x267      0x267   .absSeg297
.abs_section_268                   1   N/I      0x268      0x268   .absSeg298
.abs_section_269                   1   N/I      0x269      0x269   .absSeg299
.abs_section_26a                   1   N/I      0x26A      0x26A   .absSeg300
.abs_section_26b                   1   N/I      0x26B      0x26B   .absSeg301
.abs_section_26c                   1   N/I      0x26C      0x26C   .absSeg302
.abs_section_26d                   1   N/I      0x26D      0x26D   .absSeg303
.abs_section_26e                   1   N/I      0x26E      0x26E   .absSeg304
.abs_section_26f                   1   N/I      0x26F      0x26F   .absSeg305
.abs_section_280                   1   N/I      0x280      0x280   .absSeg306
.abs_section_281                   1   N/I      0x281      0x281   .absSeg307
.abs_section_282                   1   N/I      0x282      0x282   .absSeg308
.abs_section_283                   1   N/I      0x283      0x283   .absSeg309
.abs_section_284                   1   N/I      0x284      0x284   .absSeg310
.abs_section_285                   1   N/I      0x285      0x285   .absSeg311
.abs_section_286                   1   N/I      0x286      0x286   .absSeg312
.abs_section_287                   1   N/I      0x287      0x287   .absSeg313
.abs_section_288                   1   N/I      0x288      0x288   .absSeg314
.abs_section_289                   1   N/I      0x289      0x289   .absSeg315
.abs_section_28a                   1   N/I      0x28A      0x28A   .absSeg316
.abs_section_28b                   1   N/I      0x28B      0x28B   .absSeg317
.abs_section_28d                   1   N/I      0x28D      0x28D   .absSeg318
.abs_section_28e                   1   N/I      0x28E      0x28E   .absSeg319
.abs_section_28f                   1   N/I      0x28F      0x28F   .absSeg320
.abs_section_290                   1   N/I      0x290      0x290   .absSeg321
.abs_section_291                   1   N/I      0x291      0x291   .absSeg322
.abs_section_292                   1   N/I      0x292      0x292   .absSeg323
.abs_section_293                   1   N/I      0x293      0x293   .absSeg324
.abs_section_294                   1   N/I      0x294      0x294   .absSeg325
.abs_section_295                   1   N/I      0x295      0x295   .absSeg326
.abs_section_296                   1   N/I      0x296      0x296   .absSeg327
.abs_section_297                   1   N/I      0x297      0x297   .absSeg328
.abs_section_298                   1   N/I      0x298      0x298   .absSeg329
.abs_section_299                   1   N/I      0x299      0x299   .absSeg330
.abs_section_29a                   1   N/I      0x29A      0x29A   .absSeg331
.abs_section_29b                   1   N/I      0x29B      0x29B   .absSeg332
.abs_section_29c                   1   N/I      0x29C      0x29C   .absSeg333
.abs_section_29d                   1   N/I      0x29D      0x29D   .absSeg334
.abs_section_29e                   1   N/I      0x29E      0x29E   .absSeg335
.abs_section_29f                   1   N/I      0x29F      0x29F   .absSeg336
.abs_section_2a0                   1   N/I      0x2A0      0x2A0   .absSeg337
.abs_section_2a1                   1   N/I      0x2A1      0x2A1   .absSeg338
.abs_section_2a2                   1   N/I      0x2A2      0x2A2   .absSeg339
.abs_section_2a3                   1   N/I      0x2A3      0x2A3   .absSeg340
.abs_section_2a4                   1   N/I      0x2A4      0x2A4   .absSeg341
.abs_section_2a5                   1   N/I      0x2A5      0x2A5   .absSeg342
.abs_section_2a6                   1   N/I      0x2A6      0x2A6   .absSeg343
.abs_section_2a7                   1   N/I      0x2A7      0x2A7   .absSeg344
.abs_section_2a8                   1   N/I      0x2A8      0x2A8   .absSeg345
.abs_section_2a9                   1   N/I      0x2A9      0x2A9   .absSeg346
.abs_section_2aa                   1   N/I      0x2AA      0x2AA   .absSeg347
.abs_section_2ab                   1   N/I      0x2AB      0x2AB   .absSeg348
.abs_section_2ac                   1   N/I      0x2AC      0x2AC   .absSeg349
.abs_section_2b0                   1   N/I      0x2B0      0x2B0   .absSeg350
.abs_section_2b1                   1   N/I      0x2B1      0x2B1   .absSeg351
.abs_section_2b2                   1   N/I      0x2B2      0x2B2   .absSeg352
.abs_section_2b3                   1   N/I      0x2B3      0x2B3   .absSeg353
.abs_section_2b4                   1   N/I      0x2B4      0x2B4   .absSeg354
.abs_section_2b5                   1   N/I      0x2B5      0x2B5   .absSeg355
.abs_section_2b6                   1   N/I      0x2B6      0x2B6   .absSeg356
.abs_section_2b7                   1   N/I      0x2B7      0x2B7   .absSeg357
.abs_section_2b8                   1   N/I      0x2B8      0x2B8   .absSeg358
.abs_section_2b9                   1   N/I      0x2B9      0x2B9   .absSeg359
.abs_section_2ba                   1   N/I      0x2BA      0x2BA   .absSeg360
.abs_section_2bb                   1   N/I      0x2BB      0x2BB   .absSeg361
.abs_section_2bc                   1   N/I      0x2BC      0x2BC   .absSeg362
.abs_section_2bd                   1   N/I      0x2BD      0x2BD   .absSeg363
.abs_section_2c6                   1   N/I      0x2C6      0x2C6   .absSeg364
.abs_section_2f0                   1   N/I      0x2F0      0x2F0   .absSeg365
.abs_section_2f1                   1   N/I      0x2F1      0x2F1   .absSeg366
.abs_section_2f2                   1   N/I      0x2F2      0x2F2   .absSeg367
.abs_section_2f3                   1   N/I      0x2F3      0x2F3   .absSeg368
.abs_section_2f7                   1   N/I      0x2F7      0x2F7   .absSeg369
.abs_section_300                   1   N/I      0x300      0x300   .absSeg370
.abs_section_301                   1   N/I      0x301      0x301   .absSeg371
.abs_section_302                   1   N/I      0x302      0x302   .absSeg372
.abs_section_303                   1   N/I      0x303      0x303   .absSeg373
.abs_section_304                   1   N/I      0x304      0x304   .absSeg374
.abs_section_305                   1   N/I      0x305      0x305   .absSeg375
.abs_section_308                   1   N/I      0x308      0x308   .absSeg376
.abs_section_309                   1   N/I      0x309      0x309   .absSeg377
.abs_section_324                   1   N/I      0x324      0x324   .absSeg378
.abs_section_340                   1   N/I      0x340      0x340   .absSeg379
.abs_section_341                   1   N/I      0x341      0x341   .absSeg380
.abs_section_342                   1   N/I      0x342      0x342   .absSeg381
.abs_section_343                   1   N/I      0x343      0x343   .absSeg382
.abs_section_344                   1   N/I      0x344      0x344   .absSeg383
.abs_section_345                   1   N/I      0x345      0x345   .absSeg384
.abs_section_346                   1   N/I      0x346      0x346   .absSeg385
.abs_section_347                   1   N/I      0x347      0x347   .absSeg386
.abs_section_368                   1   N/I      0x368      0x368   .absSeg387
.abs_section_369                   1   N/I      0x369      0x369   .absSeg388
.abs_section_36a                   1   N/I      0x36A      0x36A   .absSeg389
.abs_section_36b                   1   N/I      0x36B      0x36B   .absSeg390
.abs_section_36c                   1   N/I      0x36C      0x36C   .absSeg391
.abs_section_36d                   1   N/I      0x36D      0x36D   .absSeg392
.abs_section_36f                   1   N/I      0x36F      0x36F   .absSeg393
.abs_section_370                   1   N/I      0x370      0x370   .absSeg394
.abs_section_371                   1   N/I      0x371      0x371   .absSeg395
.abs_section_372                   1   N/I      0x372      0x372   .absSeg396
.abs_section_373                   1   N/I      0x373      0x373   .absSeg397
.abs_section_374                   1   N/I      0x374      0x374   .absSeg398
.abs_section_375                   1   N/I      0x375      0x375   .absSeg399
.abs_section_376                   1   N/I      0x376      0x376   .absSeg400
.abs_section_377                   1   N/I      0x377      0x377   .absSeg401
.abs_section_378                   1   N/I      0x378      0x378   .absSeg402
.abs_section_379                   1   N/I      0x379      0x379   .absSeg403
.abs_section_37a                   1   N/I      0x37A      0x37A   .absSeg404
.abs_section_37b                   1   N/I      0x37B      0x37B   .absSeg405
.abs_section_37c                   1   N/I      0x37C      0x37C   .absSeg406
.abs_section_37d                   1   N/I      0x37D      0x37D   .absSeg407
.abs_section_37f                   1   N/I      0x37F      0x37F   .absSeg408
.abs_section_382                   1   N/I      0x382      0x382   .absSeg409
.abs_section_383                   1   N/I      0x383      0x383   .absSeg410
.abs_section_385                   1   N/I      0x385      0x385   .absSeg411
.abs_section_39d                   1   N/I      0x39D      0x39D   .absSeg412
.abs_section_0                     2   N/I        0x0        0x1   .absSeg413
.abs_section_2                     2   N/I        0x2        0x3   .absSeg414
.abs_section_4                     2   N/I        0x4        0x5   .absSeg415
.abs_section_6                     2   N/I        0x6        0x7   .absSeg416
.abs_section_1a                    2   N/I       0x1A       0x1B   .absSeg417
.abs_section_24                    2   N/I       0x24       0x25   .absSeg418
.abs_section_44                    2   N/I       0x44       0x45   .absSeg419
.abs_section_50                    2   N/I       0x50       0x51   .absSeg420
.abs_section_52                    2   N/I       0x52       0x53   .absSeg421
.abs_section_54                    2   N/I       0x54       0x55   .absSeg422
.abs_section_56                    2   N/I       0x56       0x57   .absSeg423
.abs_section_58                    2   N/I       0x58       0x59   .absSeg424
.abs_section_5a                    2   N/I       0x5A       0x5B   .absSeg425
.abs_section_5c                    2   N/I       0x5C       0x5D   .absSeg426
.abs_section_5e                    2   N/I       0x5E       0x5F   .absSeg427
.abs_section_62                    2   N/I       0x62       0x63   .absSeg428
.abs_section_64                    2   N/I       0x64       0x65   .absSeg429
.abs_section_72                    2   N/I       0x72       0x73   .absSeg430
.abs_section_74                    2   N/I       0x74       0x75   .absSeg431
.abs_section_76                    2   N/I       0x76       0x77   .absSeg432
.abs_section_78                    2   N/I       0x78       0x79   .absSeg433
.abs_section_7a                    2   N/I       0x7A       0x7B   .absSeg434
.abs_section_7c                    2   N/I       0x7C       0x7D   .absSeg435
.abs_section_7e                    2   N/I       0x7E       0x7F   .absSeg436
.abs_section_80                    2   N/I       0x80       0x81   .absSeg437
.abs_section_82                    2   N/I       0x82       0x83   .absSeg438
.abs_section_84                    2   N/I       0x84       0x85   .absSeg439
.abs_section_88                    2   N/I       0x88       0x89   .absSeg440
.abs_section_8a                    2   N/I       0x8A       0x8B   .absSeg441
.abs_section_8c                    2   N/I       0x8C       0x8D   .absSeg442
.abs_section_8e                    2   N/I       0x8E       0x8F   .absSeg443
.abs_section_90                    2   N/I       0x90       0x91   .absSeg444
.abs_section_92                    2   N/I       0x92       0x93   .absSeg445
.abs_section_94                    2   N/I       0x94       0x95   .absSeg446
.abs_section_96                    2   N/I       0x96       0x97   .absSeg447
.abs_section_98                    2   N/I       0x98       0x99   .absSeg448
.abs_section_9a                    2   N/I       0x9A       0x9B   .absSeg449
.abs_section_9c                    2   N/I       0x9C       0x9D   .absSeg450
.abs_section_9e                    2   N/I       0x9E       0x9F   .absSeg451
.abs_section_a0                    2   N/I       0xA0       0xA1   .absSeg452
.abs_section_a2                    2   N/I       0xA2       0xA3   .absSeg453
.abs_section_a4                    2   N/I       0xA4       0xA5   .absSeg454
.abs_section_a6                    2   N/I       0xA6       0xA7   .absSeg455
.abs_section_a8                    2   N/I       0xA8       0xA9   .absSeg456
.abs_section_aa                    2   N/I       0xAA       0xAB   .absSeg457
.abs_section_ac                    2   N/I       0xAC       0xAD   .absSeg458
.abs_section_ae                    2   N/I       0xAE       0xAF   .absSeg459
.abs_section_b8                    2   N/I       0xB8       0xB9   .absSeg460
.abs_section_c8                    2   N/I       0xC8       0xC9   .absSeg461
.abs_section_d0                    2   N/I       0xD0       0xD1   .absSeg462
.abs_section_dc                    2   N/I       0xDC       0xDD   .absSeg463
.abs_section_f4                    2   N/I       0xF4       0xF5   .absSeg464
.abs_section_fc                    2   N/I       0xFC       0xFD   .absSeg465
.abs_section_10a                   2   N/I      0x10A      0x10B   .absSeg466
.abs_section_10c                   2   N/I      0x10C      0x10D   .absSeg467
.abs_section_10e                   2   N/I      0x10E      0x10F   .absSeg468
.abs_section_130                   2   N/I      0x130      0x131   .absSeg469
.abs_section_16e                   2   N/I      0x16E      0x16F   .absSeg470
.abs_section_17e                   2   N/I      0x17E      0x17F   .absSeg471
.abs_section_1ae                   2   N/I      0x1AE      0x1AF   .absSeg472
.abs_section_1be                   2   N/I      0x1BE      0x1BF   .absSeg473
.abs_section_270                   2   N/I      0x270      0x271   .absSeg474
.abs_section_272                   2   N/I      0x272      0x273   .absSeg475
.abs_section_274                   2   N/I      0x274      0x275   .absSeg476
.abs_section_276                   2   N/I      0x276      0x277   .absSeg477
.abs_section_278                   2   N/I      0x278      0x279   .absSeg478
.abs_section_27a                   2   N/I      0x27A      0x27B   .absSeg479
.abs_section_27c                   2   N/I      0x27C      0x27D   .absSeg480
.abs_section_27e                   2   N/I      0x27E      0x27F   .absSeg481
.abs_section_2ae                   2   N/I      0x2AE      0x2AF   .absSeg482
.abs_section_2be                   2   N/I      0x2BE      0x2BF   .absSeg483
.abs_section_2c0                   2   N/I      0x2C0      0x2C1   .absSeg484
.abs_section_2c2                   2   N/I      0x2C2      0x2C3   .absSeg485
.abs_section_2c4                   2   N/I      0x2C4      0x2C5   .absSeg486
.abs_section_2c8                   2   N/I      0x2C8      0x2C9   .absSeg487
.abs_section_2ca                   2   N/I      0x2CA      0x2CB   .absSeg488
.abs_section_2cc                   2   N/I      0x2CC      0x2CD   .absSeg489
.abs_section_2ce                   2   N/I      0x2CE      0x2CF   .absSeg490
.abs_section_2d0                   2   N/I      0x2D0      0x2D1   .absSeg491
.abs_section_2d2                   2   N/I      0x2D2      0x2D3   .absSeg492
.abs_section_2d4                   2   N/I      0x2D4      0x2D5   .absSeg493
.abs_section_2d6                   2   N/I      0x2D6      0x2D7   .absSeg494
.abs_section_2d8                   2   N/I      0x2D8      0x2D9   .absSeg495
.abs_section_2da                   2   N/I      0x2DA      0x2DB   .absSeg496
.abs_section_2dc                   2   N/I      0x2DC      0x2DD   .absSeg497
.abs_section_2de                   2   N/I      0x2DE      0x2DF   .absSeg498
.abs_section_2e0                   2   N/I      0x2E0      0x2E1   .absSeg499
.abs_section_2e2                   2   N/I      0x2E2      0x2E3   .absSeg500
.abs_section_2e4                   2   N/I      0x2E4      0x2E5   .absSeg501
.abs_section_2e6                   2   N/I      0x2E6      0x2E7   .absSeg502
.abs_section_2e8                   2   N/I      0x2E8      0x2E9   .absSeg503
.abs_section_2ea                   2   N/I      0x2EA      0x2EB   .absSeg504
.abs_section_2ec                   2   N/I      0x2EC      0x2ED   .absSeg505
.abs_section_2ee                   2   N/I      0x2EE      0x2EF   .absSeg506
.abs_section_2f4                   2   N/I      0x2F4      0x2F5   .absSeg507
.abs_section_30c                   2   N/I      0x30C      0x30D   .absSeg508
.abs_section_30e                   2   N/I      0x30E      0x30F   .absSeg509
.abs_section_310                   2   N/I      0x310      0x311   .absSeg510
.abs_section_312                   2   N/I      0x312      0x313   .absSeg511
.abs_section_314                   2   N/I      0x314      0x315   .absSeg512
.abs_section_316                   2   N/I      0x316      0x317   .absSeg513
.abs_section_318                   2   N/I      0x318      0x319   .absSeg514
.abs_section_31a                   2   N/I      0x31A      0x31B   .absSeg515
.abs_section_31c                   2   N/I      0x31C      0x31D   .absSeg516
.abs_section_31e                   2   N/I      0x31E      0x31F   .absSeg517
.abs_section_320                   2   N/I      0x320      0x321   .absSeg518
.abs_section_322                   2   N/I      0x322      0x323   .absSeg519
.abs_section_348                   2   N/I      0x348      0x349   .absSeg520
.abs_section_34a                   2   N/I      0x34A      0x34B   .absSeg521
.abs_section_34c                   2   N/I      0x34C      0x34D   .absSeg522
.abs_section_34e                   2   N/I      0x34E      0x34F   .absSeg523
.abs_section_350                   2   N/I      0x350      0x351   .absSeg524
.abs_section_352                   2   N/I      0x352      0x353   .absSeg525
.abs_section_354                   2   N/I      0x354      0x355   .absSeg526
.abs_section_356                   2   N/I      0x356      0x357   .absSeg527
.abs_section_380                   2   N/I      0x380      0x381   .absSeg528
.abs_section_386                   2   N/I      0x386      0x387   .absSeg529
.abs_section_388                   2   N/I      0x388      0x389   .absSeg530
.abs_section_38a                   2   N/I      0x38A      0x38B   .absSeg531
.abs_section_38c                   2   N/I      0x38C      0x38D   .absSeg532
.abs_section_38e                   2   N/I      0x38E      0x38F   .absSeg533
.abs_section_390                   2   N/I      0x390      0x391   .absSeg534
.abs_section_392                   2   N/I      0x392      0x393   .absSeg535
.abs_section_394                   2   N/I      0x394      0x395   .absSeg536
.abs_section_396                   2   N/I      0x396      0x397   .absSeg537
.abs_section_398                   2   N/I      0x398      0x399   .absSeg538
.abs_section_39a                   2   N/I      0x39A      0x39B   .absSeg539
.abs_section_39e                   2   N/I      0x39E      0x39F   .absSeg540
.abs_section_3a2                   2   N/I      0x3A2      0x3A3   .absSeg541
.abs_section_3a4                   2   N/I      0x3A4      0x3A5   .absSeg542
.abs_section_3a6                   2   N/I      0x3A6      0x3A7   .absSeg543
.abs_section_3a8                   2   N/I      0x3A8      0x3A9   .absSeg544
.abs_section_3aa                   2   N/I      0x3AA      0x3AB   .absSeg545
.abs_section_3ac                   2   N/I      0x3AC      0x3AD   .absSeg546
.abs_section_3ae                   2   N/I      0x3AE      0x3AF   .absSeg547
.abs_section_effe                  2     R     0xEFFE     0xEFFF   .absSeg548
.abs_section_7f10                234     R     0x7F10     0x7FF9   .absSeg549
.bss                              51   R/W     0x2101     0x2133   RAM
.vectSeg550_vect                   2     R     0xFFFE     0xFFFF   .vectSeg550

Summary of section sizes per section type:
READ_ONLY (R):         2FA (dec:      762)
READ_WRITE (R/W):      134 (dec:      308)
NO_INIT (N/I):         2AB (dec:      683)

*********************************************************************************************
VECTOR-ALLOCATION SECTION
    Address     InitValue   InitFunction
---------------------------------------------------------------------------------------------
     0xFFFE        0xC029   _Startup

*********************************************************************************************
OBJECT-ALLOCATION SECTION
     Name               Module                 Addr   hSize   dSize     Ref    Section   RLIB
---------------------------------------------------------------------------------------------
MODULE:                 -- MC9S12XET256.c.o --
- PROCEDURES:
- VARIABLES:
     _PORTE                                       8       1       1       0   .abs_section_8
     _DDRE                                        9       1       1       0   .abs_section_9
     _MMCCTL0                                     A       1       1       0   .abs_section_a
     _MODE                                        B       1       1       0   .abs_section_b
     _PUCR                                        C       1       1       0   .abs_section_c
     _RDRIV                                       D       1       1       0   .abs_section_d
     _EBICTL0                                     E       1       1       0   .abs_section_e
     _EBICTL1                                     F       1       1       0   .abs_section_f
     _GPAGE                                      10       1       1       0   .abs_section_10
     _DIRECT                                     11       1       1       0   .abs_section_11
     _MMCCTL1                                    13       1       1       0   .abs_section_13
     _PPAGE                                      15       1       1       0   .abs_section_15
     _RPAGE                                      16       1       1       0   .abs_section_16
     _EPAGE                                      17       1       1       0   .abs_section_17
     _ECLKCTL                                    1C       1       1       0   .abs_section_1c
     _IRQCR                                      1E       1       1       0   .abs_section_1e
     _DBGC1                                      20       1       1       0   .abs_section_20
     _DBGSR                                      21       1       1       0   .abs_section_21
     _DBGTCR                                     22       1       1       0   .abs_section_22
     _DBGC2                                      23       1       1       0   .abs_section_23
     _DBGCNT                                     26       1       1       0   .abs_section_26
     _DBGSCRX                                    27       1       1       0   .abs_section_27
     _DBGXCTL                                    28       1       1       0   .abs_section_28
     _DBGXAH                                     29       1       1       0   .abs_section_29
     _DBGXAM                                     2A       1       1       0   .abs_section_2a
     _DBGXAL                                     2B       1       1       0   .abs_section_2b
     _DBGXDH                                     2C       1       1       0   .abs_section_2c
     _DBGXDL                                     2D       1       1       0   .abs_section_2d
     _DBGXDHM                                    2E       1       1       0   .abs_section_2e
     _DBGXDLM                                    2F       1       1       0   .abs_section_2f
     _PORTK                                      32       1       1       0   .abs_section_32
     _DDRK                                       33       1       1       0   .abs_section_33
     _SYNR                                       34       1       1       0   .abs_section_34
     _REFDV                                      35       1       1       0   .abs_section_35
     _POSTDIV                                    36       1       1       0   .abs_section_36
     _CRGFLG                                     37       1       1       1   .abs_section_37
     _CRGINT                                     38       1       1       0   .abs_section_38
     _CLKSEL                                     39       1       1       0   .abs_section_39
     _PLLCTL                                     3A       1       1       0   .abs_section_3a
     _RTICTL                                     3B       1       1       0   .abs_section_3b
     _COPCTL                                     3C       1       1       0   .abs_section_3c
     _ARMCOP                                     3F       1       1       2   .abs_section_3f
     _ECT_TIOS                                   40       1       1       0   .abs_section_40
     _ECT_CFORC                                  41       1       1       0   .abs_section_41
     _ECT_OC7M                                   42       1       1       0   .abs_section_42
     _ECT_OC7D                                   43       1       1       0   .abs_section_43
     _ECT_TSCR1                                  46       1       1       0   .abs_section_46
     _ECT_TTOV                                   47       1       1       0   .abs_section_47
     _ECT_TCTL1                                  48       1       1       0   .abs_section_48
     _ECT_TCTL2                                  49       1       1       0   .abs_section_49
     _ECT_TCTL3                                  4A       1       1       0   .abs_section_4a
     _ECT_TCTL4                                  4B       1       1       0   .abs_section_4b
     _ECT_TIE                                    4C       1       1       0   .abs_section_4c
     _ECT_TSCR2                                  4D       1       1       0   .abs_section_4d
     _ECT_TFLG1                                  4E       1       1       0   .abs_section_4e
     _ECT_TFLG2                                  4F       1       1       0   .abs_section_4f
     _ECT_PACTL                                  60       1       1       0   .abs_section_60
     _ECT_PAFLG                                  61       1       1       0   .abs_section_61
     _ECT_MCCTL                                  66       1       1       0   .abs_section_66
     _ECT_MCFLG                                  67       1       1       0   .abs_section_67
     _ECT_ICPAR                                  68       1       1       0   .abs_section_68
     _ECT_DLYCT                                  69       1       1       0   .abs_section_69
     _ECT_ICOVW                                  6A       1       1       0   .abs_section_6a
     _ECT_ICSYS                                  6B       1       1       0   .abs_section_6b
     _ECT_OCPD                                   6C       1       1       0   .abs_section_6c
     _ECT_PTPSR                                  6E       1       1       0   .abs_section_6e
     _ECT_PTMCPSR                                6F       1       1       0   .abs_section_6f
     _ECT_PBCTL                                  70       1       1       0   .abs_section_70
     _ECT_PBFLG                                  71       1       1       0   .abs_section_71
     _ATD1STAT0                                  86       1       1       0   .abs_section_86
     _SCI2ACR2                                   BA       1       1       0   .abs_section_ba
     _SCI2CR2                                    BB       1       1       0   .abs_section_bb
     _SCI2SR1                                    BC       1       1       0   .abs_section_bc
     _SCI2SR2                                    BD       1       1       0   .abs_section_bd
     _SCI2DRH                                    BE       1       1       0   .abs_section_be
     _SCI2DRL                                    BF       1       1       0   .abs_section_bf
     _SCI0ACR2                                   CA       1       1       0   .abs_section_ca
     _SCI0CR2                                    CB       1       1       0   .abs_section_cb
     _SCI0SR1                                    CC       1       1       0   .abs_section_cc
     _SCI0SR2                                    CD       1       1       0   .abs_section_cd
     _SCI0DRH                                    CE       1       1       0   .abs_section_ce
     _SCI0DRL                                    CF       1       1       0   .abs_section_cf
     _SCI1ACR2                                   D2       1       1       0   .abs_section_d2
     _SCI1CR2                                    D3       1       1       0   .abs_section_d3
     _SCI1SR1                                    D4       1       1       0   .abs_section_d4
     _SCI1SR2                                    D5       1       1       0   .abs_section_d5
     _SCI1DRH                                    D6       1       1       0   .abs_section_d6
     _SCI1DRL                                    D7       1       1       0   .abs_section_d7
     _SPI0CR1                                    D8       1       1       0   .abs_section_d8
     _SPI0CR2                                    D9       1       1       0   .abs_section_d9
     _SPI0BR                                     DA       1       1       0   .abs_section_da
     _SPI0SR                                     DB       1       1       0   .abs_section_db
     _IIC0_IBAD                                  E0       1       1       0   .abs_section_e0
     _IIC0_IBFD                                  E1       1       1       0   .abs_section_e1
     _IIC0_IBCR                                  E2       1       1       0   .abs_section_e2
     _IIC0_IBSR                                  E3       1       1       0   .abs_section_e3
     _IIC0_IBDR                                  E4       1       1       0   .abs_section_e4
     _IIC0_IBCR2                                 E5       1       1       0   .abs_section_e5
     _SPI1CR1                                    F0       1       1       0   .abs_section_f0
     _SPI1CR2                                    F1       1       1       0   .abs_section_f1
     _SPI1BR                                     F2       1       1       0   .abs_section_f2
     _SPI1SR                                     F3       1       1       0   .abs_section_f3
     _SPI2CR1                                    F8       1       1       0   .abs_section_f8
     _SPI2CR2                                    F9       1       1       0   .abs_section_f9
     _SPI2BR                                     FA       1       1       0   .abs_section_fa
     _SPI2SR                                     FB       1       1       0   .abs_section_fb
     _FCLKDIV                                   100       1       1       0   .abs_section_100
     _FSEC                                      101       1       1       0   .abs_section_101
     _FCCOBIX                                   102       1       1       0   .abs_section_102
     _FECCRIX                                   103       1       1       0   .abs_section_103
     _FCNFG                                     104       1       1       0   .abs_section_104
     _FERCNFG                                   105       1       1       0   .abs_section_105
     _FSTAT                                     106       1       1       0   .abs_section_106
     _FERSTAT                                   107       1       1       0   .abs_section_107
     _FPROT                                     108       1       1       0   .abs_section_108
     _EPROT                                     109       1       1       0   .abs_section_109
     _FOPT                                      110       1       1       0   .abs_section_110
     _MPUFLG                                    114       1       1       0   .abs_section_114
     _MPUASTAT0                                 115       1       1       0   .abs_section_115
     _MPUASTAT1                                 116       1       1       0   .abs_section_116
     _MPUASTAT2                                 117       1       1       0   .abs_section_117
     _MPUSEL                                    119       1       1       0   .abs_section_119
     _MPUDESC0                                  11A       1       1       0   .abs_section_11a
     _MPUDESC1                                  11B       1       1       0   .abs_section_11b
     _MPUDESC2                                  11C       1       1       0   .abs_section_11c
     _MPUDESC3                                  11D       1       1       0   .abs_section_11d
     _MPUDESC4                                  11E       1       1       0   .abs_section_11e
     _MPUDESC5                                  11F       1       1       0   .abs_section_11f
     _IVBR                                      121       1       1       0   .abs_section_121
     _INT_XGPRIO                                126       1       1       0   .abs_section_126
     _INT_CFADDR                                127       1       1       0   .abs_section_127
     _INT_CFDATA0                               128       1       1       0   .abs_section_128
     _INT_CFDATA1                               129       1       1       0   .abs_section_129
     _INT_CFDATA2                               12A       1       1       0   .abs_section_12a
     _INT_CFDATA3                               12B       1       1       0   .abs_section_12b
     _INT_CFDATA4                               12C       1       1       0   .abs_section_12c
     _INT_CFDATA5                               12D       1       1       0   .abs_section_12d
     _INT_CFDATA6                               12E       1       1       0   .abs_section_12e
     _INT_CFDATA7                               12F       1       1       0   .abs_section_12f
     _SCI4ACR2                                  132       1       1       0   .abs_section_132
     _SCI4CR2                                   133       1       1       0   .abs_section_133
     _SCI4SR1                                   134       1       1       0   .abs_section_134
     _SCI4SR2                                   135       1       1       0   .abs_section_135
     _SCI4DRH                                   136       1       1       0   .abs_section_136
     _SCI4DRL                                   137       1       1       0   .abs_section_137
     _CAN0CTL0                                  140       1       1       0   .abs_section_140
     _CAN0CTL1                                  141       1       1       0   .abs_section_141
     _CAN0BTR0                                  142       1       1       0   .abs_section_142
     _CAN0BTR1                                  143       1       1       0   .abs_section_143
     _CAN0RFLG                                  144       1       1       0   .abs_section_144
     _CAN0RIER                                  145       1       1       0   .abs_section_145
     _CAN0TFLG                                  146       1       1       0   .abs_section_146
     _CAN0TIER                                  147       1       1       0   .abs_section_147
     _CAN0TARQ                                  148       1       1       0   .abs_section_148
     _CAN0TAAK                                  149       1       1       0   .abs_section_149
     _CAN0TBSEL                                 14A       1       1       0   .abs_section_14a
     _CAN0IDAC                                  14B       1       1       0   .abs_section_14b
     _CAN0MISC                                  14D       1       1       0   .abs_section_14d
     _CAN0RXERR                                 14E       1       1       0   .abs_section_14e
     _CAN0TXERR                                 14F       1       1       0   .abs_section_14f
     _CAN0IDAR0                                 150       1       1       0   .abs_section_150
     _CAN0IDAR1                                 151       1       1       0   .abs_section_151
     _CAN0IDAR2                                 152       1       1       0   .abs_section_152
     _CAN0IDAR3                                 153       1       1       0   .abs_section_153
     _CAN0IDMR0                                 154       1       1       0   .abs_section_154
     _CAN0IDMR1                                 155       1       1       0   .abs_section_155
     _CAN0IDMR2                                 156       1       1       0   .abs_section_156
     _CAN0IDMR3                                 157       1       1       0   .abs_section_157
     _CAN0IDAR4                                 158       1       1       0   .abs_section_158
     _CAN0IDAR5                                 159       1       1       0   .abs_section_159
     _CAN0IDAR6                                 15A       1       1       0   .abs_section_15a
     _CAN0IDAR7                                 15B       1       1       0   .abs_section_15b
     _CAN0IDMR4                                 15C       1       1       0   .abs_section_15c
     _CAN0IDMR5                                 15D       1       1       0   .abs_section_15d
     _CAN0IDMR6                                 15E       1       1       0   .abs_section_15e
     _CAN0IDMR7                                 15F       1       1       0   .abs_section_15f
     _CAN0RXIDR0                                160       1       1       0   .abs_section_160
     _CAN0RXIDR1                                161       1       1       0   .abs_section_161
     _CAN0RXIDR2                                162       1       1       0   .abs_section_162
     _CAN0RXIDR3                                163       1       1       0   .abs_section_163
     _CAN0RXDSR0                                164       1       1       0   .abs_section_164
     _CAN0RXDSR1                                165       1       1       0   .abs_section_165
     _CAN0RXDSR2                                166       1       1       0   .abs_section_166
     _CAN0RXDSR3                                167       1       1       0   .abs_section_167
     _CAN0RXDSR4                                168       1       1       0   .abs_section_168
     _CAN0RXDSR5                                169       1       1       0   .abs_section_169
     _CAN0RXDSR6                                16A       1       1       0   .abs_section_16a
     _CAN0RXDSR7                                16B       1       1       0   .abs_section_16b
     _CAN0RXDLR                                 16C       1       1       0   .abs_section_16c
     _CAN0TXIDR0                                170       1       1       0   .abs_section_170
     _CAN0TXIDR1                                171       1       1       0   .abs_section_171
     _CAN0TXIDR2                                172       1       1       0   .abs_section_172
     _CAN0TXIDR3                                173       1       1       0   .abs_section_173
     _CAN0TXDSR0                                174       1       1       0   .abs_section_174
     _CAN0TXDSR1                                175       1       1       0   .abs_section_175
     _CAN0TXDSR2                                176       1       1       0   .abs_section_176
     _CAN0TXDSR3                                177       1       1       0   .abs_section_177
     _CAN0TXDSR4                                178       1       1       0   .abs_section_178
     _CAN0TXDSR5                                179       1       1       0   .abs_section_179
     _CAN0TXDSR6                                17A       1       1       0   .abs_section_17a
     _CAN0TXDSR7                                17B       1       1       0   .abs_section_17b
     _CAN0TXDLR                                 17C       1       1       0   .abs_section_17c
     _CAN0TXTBPR                                17D       1       1       0   .abs_section_17d
     _CAN1CTL0                                  180       1       1       0   .abs_section_180
     _CAN1CTL1                                  181       1       1       0   .abs_section_181
     _CAN1BTR0                                  182       1       1       0   .abs_section_182
     _CAN1BTR1                                  183       1       1       0   .abs_section_183
     _CAN1RFLG                                  184       1       1       0   .abs_section_184
     _CAN1RIER                                  185       1       1       0   .abs_section_185
     _CAN1TFLG                                  186       1       1       0   .abs_section_186
     _CAN1TIER                                  187       1       1       0   .abs_section_187
     _CAN1TARQ                                  188       1       1       0   .abs_section_188
     _CAN1TAAK                                  189       1       1       0   .abs_section_189
     _CAN1TBSEL                                 18A       1       1       0   .abs_section_18a
     _CAN1IDAC                                  18B       1       1       0   .abs_section_18b
     _CAN1MISC                                  18D       1       1       0   .abs_section_18d
     _CAN1RXERR                                 18E       1       1       0   .abs_section_18e
     _CAN1TXERR                                 18F       1       1       0   .abs_section_18f
     _CAN1IDAR0                                 190       1       1       0   .abs_section_190
     _CAN1IDAR1                                 191       1       1       0   .abs_section_191
     _CAN1IDAR2                                 192       1       1       0   .abs_section_192
     _CAN1IDAR3                                 193       1       1       0   .abs_section_193
     _CAN1IDMR0                                 194       1       1       0   .abs_section_194
     _CAN1IDMR1                                 195       1       1       0   .abs_section_195
     _CAN1IDMR2                                 196       1       1       0   .abs_section_196
     _CAN1IDMR3                                 197       1       1       0   .abs_section_197
     _CAN1IDAR4                                 198       1       1       0   .abs_section_198
     _CAN1IDAR5                                 199       1       1       0   .abs_section_199
     _CAN1IDAR6                                 19A       1       1       0   .abs_section_19a
     _CAN1IDAR7                                 19B       1       1       0   .abs_section_19b
     _CAN1IDMR4                                 19C       1       1       0   .abs_section_19c
     _CAN1IDMR5                                 19D       1       1       0   .abs_section_19d
     _CAN1IDMR6                                 19E       1       1       0   .abs_section_19e
     _CAN1IDMR7                                 19F       1       1       0   .abs_section_19f
     _CAN1RXIDR0                                1A0       1       1       0   .abs_section_1a0
     _CAN1RXIDR1                                1A1       1       1       0   .abs_section_1a1
     _CAN1RXIDR2                                1A2       1       1       0   .abs_section_1a2
     _CAN1RXIDR3                                1A3       1       1       0   .abs_section_1a3
     _CAN1RXDSR0                                1A4       1       1       0   .abs_section_1a4
     _CAN1RXDSR1                                1A5       1       1       0   .abs_section_1a5
     _CAN1RXDSR2                                1A6       1       1       0   .abs_section_1a6
     _CAN1RXDSR3                                1A7       1       1       0   .abs_section_1a7
     _CAN1RXDSR4                                1A8       1       1       0   .abs_section_1a8
     _CAN1RXDSR5                                1A9       1       1       0   .abs_section_1a9
     _CAN1RXDSR6                                1AA       1       1       0   .abs_section_1aa
     _CAN1RXDSR7                                1AB       1       1       0   .abs_section_1ab
     _CAN1RXDLR                                 1AC       1       1       0   .abs_section_1ac
     _CAN1TXIDR0                                1B0       1       1       0   .abs_section_1b0
     _CAN1TXIDR1                                1B1       1       1       0   .abs_section_1b1
     _CAN1TXIDR2                                1B2       1       1       0   .abs_section_1b2
     _CAN1TXIDR3                                1B3       1       1       0   .abs_section_1b3
     _CAN1TXDSR0                                1B4       1       1       0   .abs_section_1b4
     _CAN1TXDSR1                                1B5       1       1       0   .abs_section_1b5
     _CAN1TXDSR2                                1B6       1       1       0   .abs_section_1b6
     _CAN1TXDSR3                                1B7       1       1       0   .abs_section_1b7
     _CAN1TXDSR4                                1B8       1       1       0   .abs_section_1b8
     _CAN1TXDSR5                                1B9       1       1       0   .abs_section_1b9
     _CAN1TXDSR6                                1BA       1       1       0   .abs_section_1ba
     _CAN1TXDSR7                                1BB       1       1       0   .abs_section_1bb
     _CAN1TXDLR                                 1BC       1       1       0   .abs_section_1bc
     _CAN1TXTBPR                                1BD       1       1       0   .abs_section_1bd
     _PTT                                       240       1       1       0   .abs_section_240
     _PTIT                                      241       1       1       0   .abs_section_241
     _DDRT                                      242       1       1       0   .abs_section_242
     _RDRT                                      243       1       1       0   .abs_section_243
     _PERT                                      244       1       1       0   .abs_section_244
     _PPST                                      245       1       1       0   .abs_section_245
     _PTS                                       248       1       1       0   .abs_section_248
     _PTIS                                      249       1       1       0   .abs_section_249
     _DDRS                                      24A       1       1       0   .abs_section_24a
     _RDRS                                      24B       1       1       0   .abs_section_24b
     _PERS                                      24C       1       1       0   .abs_section_24c
     _PPSS                                      24D       1       1       0   .abs_section_24d
     _WOMS                                      24E       1       1       0   .abs_section_24e
     _PTM                                       250       1       1       0   .abs_section_250
     _PTIM                                      251       1       1       0   .abs_section_251
     _DDRM                                      252       1       1       0   .abs_section_252
     _RDRM                                      253       1       1       0   .abs_section_253
     _PERM                                      254       1       1       0   .abs_section_254
     _PPSM                                      255       1       1       0   .abs_section_255
     _WOMM                                      256       1       1       0   .abs_section_256
     _MODRR                                     257       1       1       0   .abs_section_257
     _PTP                                       258       1       1       0   .abs_section_258
     _PTIP                                      259       1       1       0   .abs_section_259
     _DDRP                                      25A       1       1       0   .abs_section_25a
     _RDRP                                      25B       1       1       0   .abs_section_25b
     _PERP                                      25C       1       1       0   .abs_section_25c
     _PPSP                                      25D       1       1       0   .abs_section_25d
     _PIEP                                      25E       1       1       0   .abs_section_25e
     _PIFP                                      25F       1       1       0   .abs_section_25f
     _PTH                                       260       1       1       0   .abs_section_260
     _PTIH                                      261       1       1       0   .abs_section_261
     _DDRH                                      262       1       1       0   .abs_section_262
     _RDRH                                      263       1       1       0   .abs_section_263
     _PERH                                      264       1       1       0   .abs_section_264
     _PPSH                                      265       1       1       0   .abs_section_265
     _PIEH                                      266       1       1       0   .abs_section_266
     _PIFH                                      267       1       1       0   .abs_section_267
     _PTJ                                       268       1       1       0   .abs_section_268
     _PTIJ                                      269       1       1       0   .abs_section_269
     _DDRJ                                      26A       1       1       0   .abs_section_26a
     _RDRJ                                      26B       1       1       0   .abs_section_26b
     _PERJ                                      26C       1       1       0   .abs_section_26c
     _PPSJ                                      26D       1       1       0   .abs_section_26d
     _PIEJ                                      26E       1       1       0   .abs_section_26e
     _PIFJ                                      26F       1       1       0   .abs_section_26f
     _CAN4CTL0                                  280       1       1       0   .abs_section_280
     _CAN4CTL1                                  281       1       1       0   .abs_section_281
     _CAN4BTR0                                  282       1       1       0   .abs_section_282
     _CAN4BTR1                                  283       1       1       0   .abs_section_283
     _CAN4RFLG                                  284       1       1       0   .abs_section_284
     _CAN4RIER                                  285       1       1       0   .abs_section_285
     _CAN4TFLG                                  286       1       1       0   .abs_section_286
     _CAN4TIER                                  287       1       1       0   .abs_section_287
     _CAN4TARQ                                  288       1       1       0   .abs_section_288
     _CAN4TAAK                                  289       1       1       0   .abs_section_289
     _CAN4TBSEL                                 28A       1       1       0   .abs_section_28a
     _CAN4IDAC                                  28B       1       1       0   .abs_section_28b
     _CAN4MISC                                  28D       1       1       0   .abs_section_28d
     _CAN4RXERR                                 28E       1       1       0   .abs_section_28e
     _CAN4TXERR                                 28F       1       1       0   .abs_section_28f
     _CAN4IDAR0                                 290       1       1       0   .abs_section_290
     _CAN4IDAR1                                 291       1       1       0   .abs_section_291
     _CAN4IDAR2                                 292       1       1       0   .abs_section_292
     _CAN4IDAR3                                 293       1       1       0   .abs_section_293
     _CAN4IDMR0                                 294       1       1       0   .abs_section_294
     _CAN4IDMR1                                 295       1       1       0   .abs_section_295
     _CAN4IDMR2                                 296       1       1       0   .abs_section_296
     _CAN4IDMR3                                 297       1       1       0   .abs_section_297
     _CAN4IDAR4                                 298       1       1       0   .abs_section_298
     _CAN4IDAR5                                 299       1       1       0   .abs_section_299
     _CAN4IDAR6                                 29A       1       1       0   .abs_section_29a
     _CAN4IDAR7                                 29B       1       1       0   .abs_section_29b
     _CAN4IDMR4                                 29C       1       1       0   .abs_section_29c
     _CAN4IDMR5                                 29D       1       1       0   .abs_section_29d
     _CAN4IDMR6                                 29E       1       1       0   .abs_section_29e
     _CAN4IDMR7                                 29F       1       1       0   .abs_section_29f
     _CAN4RXIDR0                                2A0       1       1       0   .abs_section_2a0
     _CAN4RXIDR1                                2A1       1       1       0   .abs_section_2a1
     _CAN4RXIDR2                                2A2       1       1       0   .abs_section_2a2
     _CAN4RXIDR3                                2A3       1       1       0   .abs_section_2a3
     _CAN4RXDSR0                                2A4       1       1       0   .abs_section_2a4
     _CAN4RXDSR1                                2A5       1       1       0   .abs_section_2a5
     _CAN4RXDSR2                                2A6       1       1       0   .abs_section_2a6
     _CAN4RXDSR3                                2A7       1       1       0   .abs_section_2a7
     _CAN4RXDSR4                                2A8       1       1       0   .abs_section_2a8
     _CAN4RXDSR5                                2A9       1       1       0   .abs_section_2a9
     _CAN4RXDSR6                                2AA       1       1       0   .abs_section_2aa
     _CAN4RXDSR7                                2AB       1       1       0   .abs_section_2ab
     _CAN4RXDLR                                 2AC       1       1       0   .abs_section_2ac
[...]
     _CAN4RXDSR1                                2A5       1       1       0   .abs_section_2a5
     _CAN4RXDSR2                                2A6       1       1       0   .abs_section_2a6
     _CAN4RXDSR3                                2A7       1       1       0   .abs_section_2a7
     _CAN4RXDSR4                                2A8       1       1       0   .abs_section_2a8
     _CAN4RXDSR5                                2A9       1       1       0   .abs_section_2a9
     _CAN4RXDSR6                                2AA       1       1       0   .abs_section_2aa
     _CAN4RXDSR7                                2AB       1       1       0   .abs_section_2ab
     _CAN4RXDLR                                 2AC       1       1       0   .abs_section_2ac
     _CAN4RXTSR                                 2AE       2       2       0   .abs_section_2ae
     _CAN4TXIDR0                                2B0       1       1       0   .abs_section_2b0
     _CAN4TXIDR1                                2B1       1       1       0   .abs_section_2b1
     _CAN4TXIDR2                                2B2       1       1       0   .abs_section_2b2
     _CAN4TXIDR3                                2B3       1       1       0   .abs_section_2b3
     _CAN4TXDSR0                                2B4       1       1       0   .abs_section_2b4
     _CAN4TXDSR1                                2B5       1       1       0   .abs_section_2b5
     _CAN4TXDSR2                                2B6       1       1       0   .abs_section_2b6
     _CAN4TXDSR3                                2B7       1       1       0   .abs_section_2b7
     _CAN4TXDSR4                                2B8       1       1       0   .abs_section_2b8
     _CAN4TXDSR5                                2B9       1       1       0   .abs_section_2b9
     _CAN4TXDSR6                                2BA       1       1       0   .abs_section_2ba
     _CAN4TXDSR7                                2BB       1       1       0   .abs_section_2bb
     _CAN4TXDLR                                 2BC       1       1       0   .abs_section_2bc
     _CAN4TXTBPR                                2BD       1       1       0   .abs_section_2bd
     _CAN4TXTSR                                 2BE       2       2       0   .abs_section_2be
     _ATD0CTL01                                 2C0       2       2       0   .abs_section_2c0
     _ATD0CTL23                                 2C2       2       2       0   .abs_section_2c2
     _ATD0CTL45                                 2C4       2       2       0   .abs_section_2c4
     _ATD0STAT0                                 2C6       1       1       0   .abs_section_2c6
     _ATD0CMPE                                  2C8       2       2       0   .abs_section_2c8
     _ATD0STAT2                                 2CA       2       2       0   .abs_section_2ca
     _ATD0DIEN                                  2CC       2       2       0   .abs_section_2cc
     _ATD0CMPHT                                 2CE       2       2       0   .abs_section_2ce
     _ATD0DR0                                   2D0       2       2       0   .abs_section_2d0
     _ATD0DR1                                   2D2       2       2       0   .abs_section_2d2
     _ATD0DR2                                   2D4       2       2       0   .abs_section_2d4
     _ATD0DR3                                   2D6       2       2       0   .abs_section_2d6
     _ATD0DR4                                   2D8       2       2       0   .abs_section_2d8
     _ATD0DR5                                   2DA       2       2       0   .abs_section_2da
     _ATD0DR6                                   2DC       2       2       0   .abs_section_2dc
     _ATD0DR7                                   2DE       2       2       0   .abs_section_2de
     _ATD0DR8                                   2E0       2       2       0   .abs_section_2e0
     _ATD0DR9                                   2E2       2       2       0   .abs_section_2e2
     _ATD0DR10                                  2E4       2       2       0   .abs_section_2e4
     _ATD0DR11                                  2E6       2       2       0   .abs_section_2e6
     _ATD0DR12                                  2E8       2       2       0   .abs_section_2e8
     _ATD0DR13                                  2EA       2       2       0   .abs_section_2ea
     _ATD0DR14                                  2EC       2       2       0   .abs_section_2ec
     _ATD0DR15                                  2EE       2       2       0   .abs_section_2ee
     _VREGHTCL                                  2F0       1       1       0   .abs_section_2f0
     _VREGCTRL                                  2F1       1       1       0   .abs_section_2f1
     _VREGAPICL                                 2F2       1       1       0   .abs_section_2f2
     _VREGAPITR                                 2F3       1       1       0   .abs_section_2f3
     _VREGAPIR                                  2F4       2       2       0   .abs_section_2f4
     _VREGHTTR                                  2F7       1       1       0   .abs_section_2f7
     _PWME                                      300       1       1       0   .abs_section_300
     _PWMPOL                                    301       1       1       0   .abs_section_301
     _PWMCLK                                    302       1       1       0   .abs_section_302
     _PWMPRCLK                                  303       1       1       0   .abs_section_303
     _PWMCAE                                    304       1       1       0   .abs_section_304
     _PWMCTL                                    305       1       1       0   .abs_section_305
     _PWMSCLA                                   308       1       1       0   .abs_section_308
     _PWMSCLB                                   309       1       1       0   .abs_section_309
     _PWMCNT01                                  30C       2       2       0   .abs_section_30c
     _PWMCNT23                                  30E       2       2       0   .abs_section_30e
     _PWMCNT45                                  310       2       2       0   .abs_section_310
     _PWMCNT67                                  312       2       2       0   .abs_section_312
     _PWMPER01                                  314       2       2       0   .abs_section_314
     _PWMPER23                                  316       2       2       0   .abs_section_316
     _PWMPER45                                  318       2       2       0   .abs_section_318
     _PWMPER67                                  31A       2       2       0   .abs_section_31a
     _PWMDTY01                                  31C       2       2       0   .abs_section_31c
     _PWMDTY23                                  31E       2       2       0   .abs_section_31e
     _PWMDTY45                                  320       2       2       0   .abs_section_320
     _PWMDTY67                                  322       2       2       0   .abs_section_322
     _PWMSDN                                    324       1       1       0   .abs_section_324
     _PITCFLMT                                  340       1       1       0   .abs_section_340
     _PITFLT                                    341       1       1       0   .abs_section_341
     _PITCE                                     342       1       1       0   .abs_section_342
     _PITMUX                                    343       1       1       0   .abs_section_343
     _PITINTE                                   344       1       1       0   .abs_section_344
     _PITTF                                     345       1       1       1   .abs_section_345
     _PITMTLD0                                  346       1       1       0   .abs_section_346
     _PITMTLD1                                  347       1       1       0   .abs_section_347
     _PITLD0                                    348       2       2       0   .abs_section_348
     _PITCNT0                                   34A       2       2       0   .abs_section_34a
     _PITLD1                                    34C       2       2       0   .abs_section_34c
     _PITCNT1                                   34E       2       2       0   .abs_section_34e
     _PITLD2                                    350       2       2       0   .abs_section_350
     _PITCNT2                                   352       2       2       0   .abs_section_352
     _PITLD3                                    354       2       2       0   .abs_section_354
     _PITCNT3                                   356       2       2       0   .abs_section_356
     _PTR                                       368       1       1       0   .abs_section_368
     _PTIR                                      369       1       1       0   .abs_section_369
     _DDRR                                      36A       1       1       0   .abs_section_36a
     _RDRR                                      36B       1       1       0   .abs_section_36b
     _PERR                                      36C       1       1       0   .abs_section_36c
     _PPSR                                      36D       1       1       0   .abs_section_36d
     _PTRRR                                     36F       1       1       0   .abs_section_36f
     _PTL                                       370       1       1       0   .abs_section_370
     _PTIL                                      371       1       1       0   .abs_section_371
     _DDRL                                      372       1       1       0   .abs_section_372
     _RDRL                                      373       1       1       0   .abs_section_373
     _PERL                                      374       1       1       0   .abs_section_374
     _PPSL                                      375       1       1       0   .abs_section_375
     _WOML                                      376       1       1       0   .abs_section_376
     _PTLRR                                     377       1       1       0   .abs_section_377
     _PTF                                       378       1       1       0   .abs_section_378
     _PTIF                                      379       1       1       0   .abs_section_379
     _DDRF                                      37A       1       1       0   .abs_section_37a
     _RDRF                                      37B       1       1       0   .abs_section_37b
     _PERF                                      37C       1       1       0   .abs_section_37c
     _PPSF                                      37D       1       1       0   .abs_section_37d
     _PTFRR                                     37F       1       1       0   .abs_section_37f
     _XGMCTL                                    380       2       2       0   .abs_section_380
     _XGCHID                                    382       1       1       0   .abs_section_382
     _XGCHPL                                    383       1       1       0   .abs_section_383
     _XGISPSEL                                  385       1       1       0   .abs_section_385
     _XGISP31                                   386       2       2       0   .abs_section_386
     _XGIF_7F_70                                388       2       2       0   .abs_section_388
     _XGIF_6F_60                                38A       2       2       0   .abs_section_38a
     _XGIF_5F_50                                38C       2       2       0   .abs_section_38c
     _XGIF_4F_40                                38E       2       2       0   .abs_section_38e
     _XGIF_3F_30                                390       2       2       0   .abs_section_390
     _XGIF_2F_20                                392       2       2       0   .abs_section_392
     _XGIF_1F_10                                394       2       2       0   .abs_section_394
     _XGIF_0F_00                                396       2       2       0   .abs_section_396
     _XGSWT                                     398       2       2       0   .abs_section_398
     _XGSEM                                     39A       2       2       0   .abs_section_39a
     _XGCCR                                     39D       1       1       0   .abs_section_39d
     _XGPC                                      39E       2       2       0   .abs_section_39e
     _XGR1                                      3A2       2       2       0   .abs_section_3a2
     _XGR2                                      3A4       2       2       0   .abs_section_3a4
     _XGR3                                      3A6       2       2       0   .abs_section_3a6
     _XGR4                                      3A8       2       2       0   .abs_section_3a8
     _XGR5                                      3AA       2       2       0   .abs_section_3aa
     _XGR6                                      3AC       2       2       0   .abs_section_3ac
     _XGR7                                      3AE       2       2       0   .abs_section_3ae
     uxCriticalNesting                         2100       1       1       2   .data       
     pxCurrentTCB                              2101       2       2       5   .bss        
     xTickCount                                2103       2       2       2   .bss        
     uxTopReadyPriority                        2105       1       1       4   .bss        
     uxPendedTicks                             2106       1       1       1   .bss        
     xYieldPending                             2107       1       1       3   .bss        
     xNumOfOverflows                           2108       1       1       1   .bss        
     xNextTaskUnblockTime                      2109       2       2       4   .bss        
     uxSchedulerSuspended                      210B       1       1       2   .bss        
     pxReadyTasksLists                         210C      24      36       2   .bss        
     pxDelayedTaskList                         2130       2       2       6   .bss        
     pxOverflowDelayedTaskList                 2132       2       2       2   .bss        
     VectorTable                               7F10      EA     234       0   .abs_section_7f10
     Init                                      C000      29      41       1   .init       
     _Startup                                  C029       8       8       1   .init       
     main                                      C043      11      17       1   .text       
     vListInsertEnd                            C054      1F      31       1   .text       
     uxListRemove                              C073      36      54       2   .text       
     xTaskIncrementTick                        C0A9      C5     197       1   .text       
     vTaskSwitchContext                        C16E      50      80       1   .text       
     prvResetNextTaskUnblockTime               C1BE      1C      28       1   .text       
     vPortTickInterrupt                        C1DA      1C      28       1   NON_BANKED  
     vds_INT_UnimplementedISR                  C1F6       2       2     115   NON_BANKED  
     vds_INT_RtiISR                            C1F8       7       7       1   NON_BANKED  
     vds_INT_Pit0ISR                           C1FF       6       6       1   NON_BANKED  
     rst_vec                                   EFFE       2       2       0   .abs_section_effe

*********************************************************************************************
UNUSED-OBJECTS SECTION
---------------------------------------------------------------------------------------------
NOT USED PROCEDURES
list.c.o:
  vListInitialise vListInitialiseItem vListInsert 
port.c.o:
  pxPortInitialiseStack vPortEndScheduler prvSetupTimerInterrupt 
  xPortStartScheduler xBankedStartScheduler vPortYield 
tasks.c.o:
  xTaskCreate prvInitialiseNewTask prvAddNewTaskToReadyList vTaskDelete 
  vTaskDelayUntil vTaskDelay uxTaskPriorityGet uxTaskPriorityGetFromISR 
  vTaskPrioritySet vTaskSuspend prvTaskIsTaskSuspended vTaskResume 
  xTaskResumeFromISR vTaskStartScheduler vTaskEndScheduler vTaskSuspendAll 
  xTaskResumeAll xTaskGetTickCount xTaskGetTickCountFromISR 
  uxTaskGetNumberOfTasks pcTaskGetName vTaskPlaceOnEventList 
  vTaskPlaceOnUnorderedEventList xTaskRemoveFromEventList 
  xTaskRemoveFromUnorderedEventList vTaskSetTimeOutState xTaskCheckForTimeOut 
  vTaskMissedYield prvIdleTask prvInitialiseTaskLists 
  prvCheckTasksWaitingTermination prvDeleteTCB uxTaskResetEventItemValue 
  ulTaskNotifyTake xTaskNotifyWait xTaskGenericNotify xTaskGenericNotifyFromISR 
  vTaskNotifyGiveFromISR xTaskNotifyStateClear prvAddCurrentTaskToDelayedList 
INT.c.o:
  vdg_INT_Init 
NOT USED VARIABLES
tasks.c.o:
  STRING.IDLE.1 uxDeletedTasksWaitingCleanUp uxCurrentNumberOfTasks 
  xSchedulerRunning uxTaskNumber xIdleTaskHandle xDelayedTaskList1 
  xDelayedTaskList2 xPendingReadyList xTasksWaitingTermination 
  xSuspendedTaskList 

*********************************************************************************************
COPYDOWN SECTION
---------------------------------------------------------------------------------------------
------- ROM-ADDRESS: 0xC205 ---- SIZE       4 ---
Filling bytes inserted
 00012100
------- ROM-ADDRESS: 0xC209 ---- RAM-ADDRESS: 0x2100 ---- SIZE       1 ---
Name of initialized Object : uxCriticalNesting
 FF
------- ROM-ADDRESS: 0xC20A ---- SIZE       2 ---
Filling bytes inserted
 0000

*********************************************************************************************
OBJECT-DEPENDENCIES SECTION
---------------------------------------------------------------------------------------------
VectorTable               USES vds_INT_UnimplementedISR vds_INT_Pit0ISR 
                                vds_INT_RtiISR 
Init                      USES _startupData 
_Startup                  USES __SEG_END_SSTACK Init main 
main                      USES _ARMCOP 
xTaskIncrementTick        USES uxSchedulerSuspended xTickCount 
                                pxDelayedTaskList pxOverflowDelayedTaskList xNumOfOverflows 
                                prvResetNextTaskUnblockTime xNextTaskUnblockTime uxListRemove 
                                uxTopReadyPriority vListInsertEnd pxCurrentTCB uxPendedTicks 
                                xYieldPending pxReadyTasksLists 
vTaskSwitchContext        USES uxSchedulerSuspended xYieldPending 
                                uxTopReadyPriority pxReadyTasksLists pxCurrentTCB 
prvResetNextTaskUnblockTime USES pxDelayedTaskList xNextTaskUnblockTime 
vPortTickInterrupt        USES uxCriticalNesting pxCurrentTCB 
                                xTaskIncrementTick vTaskSwitchContext 
vds_INT_RtiISR            USES _CRGFLG vPortTickInterrupt 
vds_INT_Pit0ISR           USES _PITTF 
rst_vec                   USES _Startup 

*********************************************************************************************
DEPENDENCY TREE
*********************************************************************************************
 main and _Startup Group
 | 
 +- main                
 |    
 +- _Startup            
    | 
    +- Init                
    |    
    +- main                 (see above)
       
 rst_vec             
 | 
 +- _Startup             (see above)
    
 VectorTable         
 | 
 +- vds_INT_UnimplementedISR
 |    
 +- vds_INT_Pit0ISR     
 |    
 +- vds_INT_RtiISR      
    | 
    +- vPortTickInterrupt  
       | 
       +- xTaskIncrementTick  
       |  | 
       |  +- prvResetNextTaskUnblockTime
       |  |    
       |  +- uxListRemove        
       |  |    
       |  +- vListInsertEnd      
       |       
       +- vTaskSwitchContext  
            
*********************************************************************************************
STATISTIC SECTION
---------------------------------------------------------------------------------------------

ExeFile:
--------
Number of blocks to be downloaded: 8
Total size of all blocks to be downloaded: 762

